// Jest Snapshot v1, https://goo.gl/fbAQLP

exports[`component Button renders correctly 1`] = `
<div>
  <button
    class="ant-btn css-dev-only-do-not-override-mxhywb ant-btn-default"
    type="button"
  >
    <span>
      button
    </span>
  </button>
</div>
`;
